yuanxing
yuanxing
yuanxing
yuanxing
damushen
yuanxing
yuanxing
yuanxing
yuanxing
yuanxing
yuanxing
damushen
yuanxing
yuanxing
yuanxing
yuanxing
yuanxing
yuanxing
yuanxing
yuanxing
yuanxing
yuanxing
yuanxing
yuanxing
yuanxing
yuanxing
yuanxing
damushen
yuanxing
yuanxing
yuanxing
yuanxing
yuanxing
yuanxing
yuanxing
yuanxing
yuanxing
yuanxing
yuanxing
yuanxing
yuanxing
yuanxing
yuanxing
yuanxing
yuanxing
yuanxing
yuanxing
yuanxing
yuanxing
yuanxing
yuanxing
yuanxing
yuanxing
yuanxing
yuanxing
yuanxing
yuanxing
yuanxing
yuanxing
yuanxing
yuanxing
yuanxing
yuanxing
yuanxing
yuanxing
yuanxing
yuanxing
yuanxing
yuanxing
yuanxing
yuanxing
yuanxing
yuanxing
yuanxing
yuanxing
yuanxing
yuanxing
yuanxing
yuanxing
yuanxing
yuanxing
yuanxing
yuanxing
yuanxing
yuanxing
yuanxing
yuanxing
yuanxing
yuanxing
yuanxing
yuanxing
yuanxing
yuanxing
yuanxing
yuanxing
yuanxing
yuanxing
yuanxing
yuanxing
yuanxing
yuanxing
yuanxing
yuanxing
yuanxing
yuanxing
yuanxing
yuanxing
yuanxing
yuanxing
yuanxing
yuanxing
yuanxing
yuanxing
yuanxing
yuanxing
yuanxing
yuanxing
yuanxing
yuanxing
yuanxing
yuanxing
yuanxing
yuanxing
yuanxing
yuanxing
yuanxing
yuanxing
yuanxing
yuanxing
yuanxing
yuanxing
yuanxing
yuanxing
yuanxing
yuanxing
yuanxing
yuanxing
yuanxing
yuanxing
yuanxing
yuanxing
yuanxing
yuanxing
yuanxing
yuanxing
yuanxing
yuanxing
yuanxing
yuanxing
yuanxing
yuanxing
yuanxing
yuanxing
yuanxing
yuanxing
yuanxing
yuanxing
yuanxing
yuanxing
yuanxing
yuanxing
yuanxing
yuanxing
yuanxing
yuanxing
yuanxing
yuanxing
yuanxing
yuanxing
yuanxing
yuanxing
yuanxing
yuanxing
yuanxing
yuanxing
yuanxing
yuanxing
yuanxing
yuanxing
yuanxing
yuanxing
yuanxing
yuanxing
yuanxing
yuanxing
yuanxing
yuanxing
yuanxing
yuanxing
yuanxing
yuanxing
yuanxing
yuanxing
yuanxing
yuanxing
yuanxing
yuanxing
yuanxing
yuanxing
yuanxing
yuanxing
yuanxing
yuanxing
yuanxing
yuanxing
yuanxing
yuanxing
yuanxing
yuanxing
yuanxing
yuanxing
yuanxing
yuanxing
yuanxing
yuanxing
yuanxing
yuanxing
yuanxing
yuanxing
yuanxing
yuanxing
yuanxing
yuanxing
yuanxing
yuanxing
yuanxing
yuanxing
yuanxing
yuanxing
yuanxing
yuanxing
yuanxing
yuanxing
yuanxing
yuanxing
yuanxing
yuanxing
yuanxing
yuanxing
yuanxing
yuanxing
yuanxing
yuanxing
yuanxing
yuanxing
yuanxing
yuanxing
yuanxing
yuanxing
yuanxing
yuanxing
yuanxing
yuanxing
yuanxing
yuanxing
yuanxing
yuanxing
yuanxing
yuanxing
yuanxing
yuanxing
yuanxing
yuanxing
yuanxing
yuanxing
yuanxing
yuanxing
yuanxing
yuanxing
yuanxing
yuanxing
yuanxing
yuanxing
yuanxing
yuanxing
yuanxing
yuanxing
yuanxing
yuanxing
yuanxing
yuanxing
yuanxing
yuanxing
yuanxing
yuanxing
yuanxing
yuanxing
yuanxing
yuanxing
yuanxing
yuanxing
yuanxing
yuanxing
yuanxing
yuanxing
yuanxing
yuanxing
yuanxing
yuanxing
yuanxing
yuanxing
yuanxing
yuanxing
yuanxing
yuanxing
yuanxing
yuanxing
yuanxing
yuanxing
yuanxing
yuanxing
yuanxing
yuanxing
yuanxing
yuanxing
yuanxing
yuanxing
yuanxing
yuanxing
yuanxing
yuanxing
yuanxing
yuanxing
yuanxing
yuanxing
yuanxing
yuanxing
yuanxing
yuanxing
yuanxing
yuanxing
yuanxing
yuanxing
yuanxing
yuanxing
yuanxing
yuanxing
yuanxing
yuanxing
yuanxing
yuanxing
yuanxing
yuanxing
yuanxing
yuanxing
yuanxing
yuanxing
yuanxing
yuanxing
yuanxing
yuanxing
yuanxing
yuanxing
yuanxing
yuanxing
yuanxing
yuanxing
yuanxing
yuanxing
yuanxing
yuanxing
yuanxing
yuanxing
yuanxing
yuanxing
yuanxing
yuanxing
yuanxing
yuanxing
yuanxing
yuanxing
yuanxing
yuanxing
yuanxing
yuanxing
yuanxing
yuanxing
yuanxing
yuanxing
yuanxing
yuanxing
yuanxing
yuanxing
yuanxing
yuanxing
yuanxing
yuanxing
yuanxing
yuanxing
yuanxing
yuanxing
yuanxing
yuanxing
yuanxing
yuanxing
yuanxing
yuanxing
yuanxing
yuanxing
yuanxing
yuanxing
yuanxing
yuanxing
yuanxing
yuanxing
yuanxing
yuanxing
yuanxing
yuanxing
yuanxing
yuanxing
yuanxing
yuanxing
yuanxing
yuanxing
yuanxing
yuanxing
yuanxing
yuanxing
yuanxing
yuanxing
yuanxing
yuanxing
yuanxing
yuanxing
yuanxing
yuanxing
yuanxing
yuanxing
yuanxing
yuanxing
yuanxing
yuanxing
yuanxing
yuanxing
yuanxing
yuanxing
yuanxing
yuanxing
yuanxing
yuanxing
yuanxing
yuanxing
yuanxing
